# javac 版本
javac 17.0.20.1
# java 版本
openjdk version "17.0.20.1" 2026-08-18
OpenJDK Runtime Environment Temurin-17.0.20.1+1 (build 17.0.20.1+1)
OpenJDK 64-Bit Server VM Temurin-17.0.20.1+1 (build 17.0.20.1+1, mixed mode, sharing)
# 测试执行：scripts/test.sh（干净构建 rm -rf build 后）
  [PASS] 快照在 TTL 内可取，过期后抛 410，移除后抛 404
  [PASS] 不存在的快照 ID 返回 404 snapshot_not_found
  [PASS] 游标改一个字符即 MAC 校验失败(403)
  [PASS] 伪造的游标（另一个密钥签发）被拒绝
  [PASS] 查询指纹不匹配返回 400 cursor_query_mismatch
  [PASS] 查询指纹对参数敏感：改 sort/category/q/pageSize 即变化
  [PASS] 排序键重复时由唯一 id 决胜，顺序全序且稳定
  [PASS] Store 快照与后续写入/修改/删除相互隔离
  [PASS] PageQuery 参数校验：非法 sort / pageSize 抛 400

单元测试：通过 9，失败 0

  [PASS] 健康检查 /healthz 返回 200
  [PASS] 全量翻页 name_asc：无重无漏、页大小正确、次序与(name,id)一致
  [PASS] score_desc 全量翻页：57 条且严格按 (score desc, id asc)
  [PASS] 【核心验收】分页途中插入：同一快照不重不漏，新记录不出现在旧快照
  [PASS] 【核心验收】分页途中删除：被删记录仍在旧快照中（快照已固定），且不重不漏
  [PASS] 【核心验收】分页途中修改排序键：旧快照保持旧次序，不重不漏
  [PASS] 【核心验收】变更筛选条件不能复用游标：cursor_query_mismatch
  [PASS] 【核心验收】伪造/篡改游标不能复用：403 cursor_invalid
  [PASS] 【核心验收】快照过期后游标明确报错 410 snapshot_expired
  [PASS] 游标指向不存在的快照：404 snapshot_not_found
  [PASS] 参数校验：非法 sort / pageSize / 超长不影响，返回 400
  [PASS] 管理端 CRUD：新增（自动ID/指定ID冲突）、查、改（含改排序键）、删、404
  [PASS] category + q 组合筛选分页：合计数量与快照外的直接筛选一致
  [PASS] 游标不能倒退/重复使用：同一游标取两次得到相同的下一页（无副作用）
  [PASS] pageSize 大于结果集：末页 nextCursor=null 且 hasMore=false
（测试服务监听端口 36201，TTL=1s）

HTTP 端到端测试：通过 15，失败 0
