
========================================================================
1. 合成离群数据：Huber vs OLS
========================================================================
真实参数:        slope=2.000000, intercept=1.000000
OLS 估计:        slope=1.833387, intercept=0.980169, SSE=257.465975
Huber 估计:      slope=1.983410, intercept=1.001189, objective=16.331351
Huber 收敛:      converged (iterations=9, delta_used=0.5)
离群点平均权重:  0.0619 (干净点平均权重: 0.9868)
目标轨迹:        初值=18.468417, 终值=16.331351, 长度=10, 超过容差的上升次数=0

========================================================================
2. 共线列（秩亏显式处理）
========================================================================
OLS:  rank=2, rank_deficient=True
Huber: rank=2, rank_deficient=True, warnings=['rank_deficient_min_norm_solution'], status=converged
最大预测误差: 3.55e-15

========================================================================
3. 全零残差（δ=auto 零散布路径）
========================================================================
status=converged, warnings=['auto_scale_all_zero_residuals']
coef=[3.0000000000000004], intercept=-2.000000000000001, objective=1.903e-29, iterations=1

========================================================================
4. 可复现性 / δ→∞ 等价 OLS / JSON 接口
========================================================================
两次拟合逐位一致: True
δ=1e6 时 Huber 与 OLS 系数最大差: 0.00e+00, 截距差: 0.00e+00

========================================================================
检查结果汇总
========================================================================
  [PASS] Huber 收敛  [converged]
  [PASS] Huber 斜率误差 < 0.1  [err=0.0166]
  [PASS] Huber 截距误差 < 0.1  [err=0.0012]
  [PASS] Huber 比 OLS 更接近真实斜率  [huber_err=0.0166 ols_err=0.1666]
  [PASS] Huber 比 OLS 更接近真实截距  [huber_err=0.0012 ols_err=0.0198]
  [PASS] 目标值相对 OLS 初值下降  [18.468417 -> 16.331351]
  [PASS] 目标轨迹单调不增（容差 1e-10）  [increases=0]
  [PASS] 离群点权重被压低 (<0.1)，干净点权重接近 1 (>0.95)  [out=0.0619, clean=0.9868]
  [PASS] OLS 上报秩亏  [rank=2]
  [PASS] Huber 上报秩亏并给出 warning  [rank=2, warnings=['rank_deficient_min_norm_solution']]
  [PASS] 秩亏下预测仍精确 (<1e-6)  [max_err=3.55e-15]
  [PASS] 秩亏下仍然收敛  [converged]
  [PASS] 全零残差收敛  [converged]
  [PASS] 全零残差目标为 0  [objective=1.903e-29]
  [PASS] 零散布 warning 与参数精确恢复  [['auto_scale_all_zero_residuals']]
  [PASS] 两次拟合逐位一致（确定性）
  [PASS] δ 极大时 Huber≈OLS (<1e-5)  [coef_err=0.00e+00, int_err=0.00e+00]
  [PASS] JSON 接口 ok=true 且与库调用目标一致  [json=16.3313507328 lib=16.3313507328]
  [PASS] JSON 接口形状错误返回 input_error  [y 长度 2 与 X 的样本数 1 不一致]

通过 19/19

机器可读结果已写入: reports/acceptance_report.json
