### GET /health
{
  "status": "ok"
}

### POST /analyze  <  requests/analyze-stopword.json
{
  "analyzer": "stopword",
  "text": "the cat sat in the mat",
  "tokens": [
    {
      "term": "cat",
      "position": 2
    },
    {
      "term": "sat",
      "position": 3
    },
    {
      "term": "mat",
      "position": 6
    }
  ]
}

### POST /search  <  requests/repeated-word-echo.json
{
  "analyzer": "standard",
  "slop": 0,
  "field": null,
  "queryTerms": [
    "echo",
    "echo"
  ],
  "totalHits": 3,
  "truncated": false,
  "hits": [
    {
      "docId": "d1",
      "matchCount": 3,
      "truncated": false,
      "matches": [
        {
          "positions": [
            4,
            5
          ],
          "fields": [
            "body",
            "body"
          ],
          "start": 4,
          "end": 5,
          "crossField": false
        },
        {
          "positions": [
            5,
            6
          ],
          "fields": [
            "body",
            "body"
          ],
          "start": 5,
          "end": 6,
          "crossField": false
        },
        {
          "positions": [
            6,
            7
          ],
          "fields": [
            "body",
            "body"
          ],
          "start": 6,
          "end": 7,
          "crossField": false
        }
      ]
    }
  ]
}

### POST /search  <  requests/cross-field-data-pipeline.json
{
  "analyzer": "standard",
  "slop": 0,
  "field": null,
  "queryTerms": [
    "data",
    "pipeline"
  ],
  "totalHits": 1,
  "truncated": false,
  "hits": [
    {
      "docId": "d2",
      "matchCount": 1,
      "truncated": false,
      "matches": [
        {
          "positions": [
            8,
            9
          ],
          "fields": [
            "body",
            "tags"
          ],
          "start": 8,
          "end": 9,
          "crossField": true
        }
      ]
    }
  ]
}

### POST /search  <  requests/stopword-keeps-position.json
{
  "analyzer": "stopword",
  "slop": 3,
  "field": null,
  "queryTerms": [
    "cat",
    "mat"
  ],
  "totalHits": 1,
  "truncated": false,
  "hits": [
    {
      "docId": "d5",
      "matchCount": 1,
      "truncated": false,
      "matches": [
        {
          "positions": [
            4,
            8
          ],
          "fields": [
            "body",
            "body"
          ],
          "start": 4,
          "end": 8,
          "crossField": false
        }
      ]
    }
  ]
}

### POST /search  <  requests/greedy-trap-terms.json
{
  "analyzer": "standard",
  "slop": 0,
  "field": null,
  "queryTerms": [
    "alpha",
    "alpha",
    "beta"
  ],
  "totalHits": 1,
  "truncated": false,
  "hits": [
    {
      "docId": "d4",
      "matchCount": 1,
      "truncated": false,
      "matches": [
        {
          "positions": [
            2,
            3,
            4
          ],
          "fields": [
            "body",
            "body",
            "body"
          ],
          "start": 2,
          "end": 4,
          "crossField": false
        }
      ]
    }
  ]
}

### POST /search  <  requests/field-scoped-body.json
{
  "analyzer": "standard",
  "slop": 0,
  "field": "body",
  "queryTerms": [
    "data",
    "pipeline"
  ],
  "totalHits": 0,
  "truncated": false,
  "hits": []
}

